../Core/Src/main.c:97:6:subscription_cmd_vel_callback	64	static
../Core/Src/main.c:190:6:HAL_GPIO_EXTI_Callback	16	static
../Core/Src/main.c:215:5:main	8	static
../Core/Src/main.c:301:6:SystemClock_Config	88	static
../Core/Src/main.c:347:13:MX_TIM3_Init	64	static
../Core/Src/main.c:418:13:MX_USART2_UART_Init	8	static
../Core/Src/main.c:449:13:MX_DMA_Init	16	static
../Core/Src/main.c:470:13:MX_GPIO_Init	56	static
../Core/Src/main.c:542:6:StartDefaultTask	368	static
../Core/Src/main.c:635:6:Error_Handler	4	static,ignoring_inline_asm
