../Core/Src/main.c:138:6:subscription_cmd_vel_callback	64	static
../Core/Src/main.c:231:6:HAL_GPIO_EXTI_Callback	16	static
../Core/Src/main.c:256:5:main	8	static
../Core/Src/main.c:347:6:SystemClock_Config	88	static
../Core/Src/main.c:393:13:MX_I2C2_Init	8	static
../Core/Src/main.c:427:13:MX_TIM3_Init	64	static
../Core/Src/main.c:498:13:MX_USART2_UART_Init	8	static
../Core/Src/main.c:529:13:MX_DMA_Init	16	static
../Core/Src/main.c:550:13:MX_GPIO_Init	56	static
../Core/Src/main.c:614:6:imuTask	72	static
../Core/Src/main.c:645:6:StartDefaultTask	424	static
../Core/Src/main.c:754:6:Error_Handler	4	static,ignoring_inline_asm
