../Core/Src/main.c:116:6:subscription_cmd_vel_callback	64	static
../Core/Src/main.c:209:6:HAL_GPIO_EXTI_Callback	16	static
../Core/Src/main.c:234:5:main	8	static
../Core/Src/main.c:323:6:SystemClock_Config	88	static
../Core/Src/main.c:369:13:MX_I2C2_Init	8	static
../Core/Src/main.c:403:13:MX_TIM3_Init	64	static
../Core/Src/main.c:474:13:MX_USART2_UART_Init	8	static
../Core/Src/main.c:505:13:MX_DMA_Init	16	static
../Core/Src/main.c:526:13:MX_GPIO_Init	56	static
../Core/Src/main.c:598:6:StartDefaultTask	424	static
../Core/Src/main.c:715:6:Error_Handler	4	static,ignoring_inline_asm
