../Core/Src/main.c:121:6:MPU6050_Init	32	static
../Core/Src/main.c:154:6:MPU6050_Read_Accel	32	static
../Core/Src/main.c:177:6:MPU6050_Read_Gyro	32	static
../Core/Src/main.c:201:6:subscription_cmd_vel_callback	64	static
../Core/Src/main.c:294:6:HAL_GPIO_EXTI_Callback	16	static
../Core/Src/main.c:319:5:main	8	static
../Core/Src/main.c:409:6:SystemClock_Config	88	static
../Core/Src/main.c:455:13:MX_I2C2_Init	8	static
../Core/Src/main.c:489:13:MX_TIM3_Init	64	static
../Core/Src/main.c:560:13:MX_USART2_UART_Init	8	static
../Core/Src/main.c:591:13:MX_DMA_Init	16	static
../Core/Src/main.c:612:13:MX_GPIO_Init	56	static
../Core/Src/main.c:684:6:StartDefaultTask	424	static
../Core/Src/main.c:799:6:Error_Handler	4	static,ignoring_inline_asm
